<?xml version="1.0" encoding="UTF-8"?>
<TestRun id="0d8a507a-346e-4449-b38b-9487a0f8717d" name="871059@LT32728 2010-04-06 14:08:06" runUser="FONTYS\871059" xmlns="http://microsoft.com/schemas/VisualStudio/TeamTest/2006">
  <TestRunConfiguration name="Local Test Run" id="c399d367-4116-4751-a767-e9542bf93836">
    <Description>This is a default test run configuration for a local test run.</Description>
    <Deployment runDeploymentRoot="D:\se21\AlgoritmiekEnTesten\TestResults\871059_LT32728 2010-04-06 14_08_06">
      <DeploymentItem filename="D:\se21\AlgoritmiekEnTesten\ContainerAlgoritmiek\bin\Debug\ContainerAlgoritmiek.dll" />
    </Deployment>
    <TestTypeSpecific />
  </TestRunConfiguration>
  <ResultSummary outcome="Completed">
    <Counters total="1" executed="1" passed="1" error="0" failed="0" timeout="0" aborted="0" inconclusive="0" passedButRunAborted="0" notRunnable="0" notExecuted="0" disconnected="0" warning="0" completed="0" inProgress="0" pending="0" />
  </ResultSummary>
  <Times creation="2010-04-06T14:08:06.0140128+02:00" queuing="2010-04-06T14:08:08.0922575+02:00" start="2010-04-06T14:08:08.3735237+02:00" finish="2010-04-06T14:08:08.7016676+02:00" />
  <TestDefinitions>
    <UnitTest name="TestLegeContainer" storage="d:\se21\algoritmiekentesten\testcontainerproject\bin\debug\testcontainerproject.dll" id="5f0b2b2a-8562-cd91-0291-ebfdd2535ec2">
      <Css projectStructure="" iteration="" />
      <Owners>
        <Owner name="" />
      </Owners>
      <Execution id="f8038282-feaf-4e2e-961f-5cf5a83cf10b" />
      <TestMethod codeBase="D:\se21\AlgoritmiekEnTesten\TestContainerProject\bin\Debug\TestContainerProject.dll" adapterTypeName="Microsoft.VisualStudio.TestTools.TestTypes.Unit.UnitTestAdapter, Microsoft.VisualStudio.QualityTools.Tips.UnitTest.Adapter, Version=9.0.0.0, Culture=neutral, PublicKeyToken=b03f5f7f11d50a3a" className="TestContainerProject.UnitTestContainer, TestContainerProject" name="TestLegeContainer" />
    </UnitTest>
  </TestDefinitions>
  <TestLists>
    <TestList name="Results Not in a List" id="8c84fa94-04c1-424b-9868-57a2d4851a1d" />
    <TestList name="All Loaded Results" id="19431567-8539-422a-85d7-44ee4e166bda" />
  </TestLists>
  <TestEntries>
    <TestEntry testId="5f0b2b2a-8562-cd91-0291-ebfdd2535ec2" executionId="f8038282-feaf-4e2e-961f-5cf5a83cf10b" testListId="8c84fa94-04c1-424b-9868-57a2d4851a1d" />
  </TestEntries>
  <Results>
    <UnitTestResult executionId="f8038282-feaf-4e2e-961f-5cf5a83cf10b" testId="5f0b2b2a-8562-cd91-0291-ebfdd2535ec2" testName="TestLegeContainer" computerName="LT32728" duration="00:00:00.0181964" startTime="2010-04-06T14:08:08.4516532+02:00" endTime="2010-04-06T14:08:08.6547899+02:00" testType="13cdc9d9-ddb5-4fa4-a97d-d965ccfc6d4b" outcome="Passed" testListId="8c84fa94-04c1-424b-9868-57a2d4851a1d">
      <Output>
      </Output>
    </UnitTestResult>
  </Results>
</TestRun>