<?xml version="1.0" encoding="UTF-8"?>
<TestRun id="5bdb4826-c179-41ad-980a-407df993c59f" name="Willem@WILLEM-LAPTOP 2011-04-04 12:35:59" runUser="Willem-laptop\Willem" xmlns="http://microsoft.com/schemas/VisualStudio/TeamTest/2010">
  <TestSettings name="Local" id="246b12c3-9259-4b94-bc30-027311afd960">
    <Description>These are default test settings for a local test run.</Description>
    <Deployment userDeploymentRoot="C:\Users\Willem\Documents\My Dropbox\S22 Groep C\Software Engineering\Project\MateriaalVerhuurApplicatie\TestResults" useDefaultDeploymentRoot="false" enabled="false" runDeploymentRoot="Willem_WILLEM-LAPTOP 2011-04-04 12_35_59">
      <DeploymentItem filename="C:\Users\Willem\Documents\My Dropbox\S22 Groep C\Software Engineering\Project\MateriaalVerhuurApplicatie\MateriaalVerhuurApplicatie\bin\Debug\MateriaalVerhuurApplicatie.exe" />
    </Deployment>
    <Execution>
      <TestTypeSpecific />
      <AgentRule name="Execution Agents">
      </AgentRule>
    </Execution>
  </TestSettings>
  <Times creation="2011-04-04T12:35:59.3066546+02:00" queuing="2011-04-04T12:35:59.3346562+02:00" start="2011-04-04T12:35:59.3466568+02:00" finish="2011-04-04T12:35:59.9866935+02:00" />
  <ResultSummary outcome="Failed">
    <Counters total="2" executed="2" passed="1" error="0" failed="1" timeout="0" aborted="0" inconclusive="0" passedButRunAborted="0" notRunnable="0" notExecuted="0" disconnected="0" warning="0" completed="0" inProgress="0" pending="0" />
  </ResultSummary>
  <TestDefinitions>
    <UnitTest name="getUitleningTest" storage="c:\users\willem\documents\my dropbox\s22 groep c\software engineering\project\materiaalverhuurapplicatie\materiaalverhuurtests\bin\debug\materiaalverhuurtests.dll" id="c92a630c-5d45-cd0b-10c4-7cce8ac42e67">
      <Execution id="029fb284-4979-4306-84e3-85f8afc0ffd2" />
      <TestMethod codeBase="C:/Users/Willem/Documents/My Dropbox/S22 Groep C/Software Engineering/Project/MateriaalVerhuurApplicatie/MateriaalVerhuurTests/bin/Debug/MateriaalVerhuurTests.DLL" adapterTypeName="Microsoft.VisualStudio.TestTools.TestTypes.Unit.UnitTestAdapter, Microsoft.VisualStudio.QualityTools.Tips.UnitTest.Adapter, Version=10.0.0.0, Culture=neutral, PublicKeyToken=b03f5f7f11d50a3a" className="MateriaalVerhuurTests.DatabaseKoppelingTest, MateriaalVerhuurTests, Version=1.0.0.0, Culture=neutral, PublicKeyToken=null" name="getUitleningTest" />
    </UnitTest>
    <UnitTest name="GetHoeveelheidMateriaalTest" storage="c:\users\willem\documents\my dropbox\s22 groep c\software engineering\project\materiaalverhuurapplicatie\materiaalverhuurtests\bin\debug\materiaalverhuurtests.dll" id="a9d3c588-422d-0927-a5a3-0da0b0796ea3">
      <Execution id="fa97e979-dd48-4623-a24c-f8ed190b57a4" />
      <TestMethod codeBase="C:/Users/Willem/Documents/My Dropbox/S22 Groep C/Software Engineering/Project/MateriaalVerhuurApplicatie/MateriaalVerhuurTests/bin/Debug/MateriaalVerhuurTests.DLL" adapterTypeName="Microsoft.VisualStudio.TestTools.TestTypes.Unit.UnitTestAdapter, Microsoft.VisualStudio.QualityTools.Tips.UnitTest.Adapter, Version=10.0.0.0, Culture=neutral, PublicKeyToken=b03f5f7f11d50a3a" className="MateriaalVerhuurTests.DatabaseKoppelingTest, MateriaalVerhuurTests, Version=1.0.0.0, Culture=neutral, PublicKeyToken=null" name="GetHoeveelheidMateriaalTest" />
    </UnitTest>
  </TestDefinitions>
  <TestLists>
    <TestList name="Results Not in a List" id="8c84fa94-04c1-424b-9868-57a2d4851a1d" />
    <TestList name="All Loaded Results" id="19431567-8539-422a-85d7-44ee4e166bda" />
  </TestLists>
  <TestEntries>
    <TestEntry testId="c92a630c-5d45-cd0b-10c4-7cce8ac42e67" executionId="029fb284-4979-4306-84e3-85f8afc0ffd2" testListId="8c84fa94-04c1-424b-9868-57a2d4851a1d" />
    <TestEntry testId="a9d3c588-422d-0927-a5a3-0da0b0796ea3" executionId="fa97e979-dd48-4623-a24c-f8ed190b57a4" testListId="8c84fa94-04c1-424b-9868-57a2d4851a1d" />
  </TestEntries>
  <Results>
    <UnitTestResult executionId="029fb284-4979-4306-84e3-85f8afc0ffd2" testId="c92a630c-5d45-cd0b-10c4-7cce8ac42e67" testName="getUitleningTest" computerName="WILLEM-LAPTOP" duration="00:00:00.2414529" startTime="2011-04-04T12:35:59.3576575+02:00" endTime="2011-04-04T12:35:59.8826875+02:00" testType="13cdc9d9-ddb5-4fa4-a97d-d965ccfc6d4b" outcome="Passed" testListId="8c84fa94-04c1-424b-9868-57a2d4851a1d" relativeResultsDirectory="029fb284-4979-4306-84e3-85f8afc0ffd2">
    </UnitTestResult>
    <UnitTestResult executionId="fa97e979-dd48-4623-a24c-f8ed190b57a4" testId="a9d3c588-422d-0927-a5a3-0da0b0796ea3" testName="GetHoeveelheidMateriaalTest" computerName="WILLEM-LAPTOP" duration="00:00:00.0229274" startTime="2011-04-04T12:35:59.8996885+02:00" endTime="2011-04-04T12:35:59.9436910+02:00" testType="13cdc9d9-ddb5-4fa4-a97d-d965ccfc6d4b" outcome="Failed" testListId="8c84fa94-04c1-424b-9868-57a2d4851a1d" relativeResultsDirectory="fa97e979-dd48-4623-a24c-f8ed190b57a4">
      <Output>
        <ErrorInfo>
          <Message>Test method MateriaalVerhuurTests.DatabaseKoppelingTest.GetHoeveelheidMateriaalTest threw exception: 
System.NullReferenceException: De objectverwijzing is niet op een exemplaar van een object ingesteld.</Message>
          <StackTrace>    bij MateriaalVerhuurApplicatie.DatabaseKoppeling.GetHoeveelheidMateriaal(Materiaal mat) in C:\Users\Willem\Documents\My Dropbox\S22 Groep C\Software Engineering\Project\MateriaalVerhuurApplicatie\MateriaalVerhuurApplicatie\DatabaseKoppeling.cs:regel 305
   bij MateriaalVerhuurTests.DatabaseKoppelingTest.GetHoeveelheidMateriaalTest() in C:\Users\Willem\Documents\My Dropbox\S22 Groep C\Software Engineering\Project\MateriaalVerhuurApplicatie\MateriaalVerhuurTests\DatabaseKoppelingTest.cs:regel 178
</StackTrace>
        </ErrorInfo>
      </Output>
    </UnitTestResult>
  </Results>
</TestRun>